<testsuites id="" name="" tests="6" failures="0" skipped="0" errors="0" time="1.8982350000000001">
<testsuite name="resource-tests/departments.spec.ts" timestamp="2025-10-31T02:25:00.447Z" hostname="HR-API-AUTOMATION" tests="1" failures="0" skipped="0" time="0.629" errors="0">
<testcase name="Departments API E2E › Create -&gt; Get -&gt; Patch -&gt; Put -&gt; Delete -&gt; Department Flow" classname="resource-tests/departments.spec.ts" time="0.629">
<system-out>
<![CDATA[Response Created: [object Object]
]]>
</system-out>
</testcase>
</testsuite>
<testsuite name="resource-tests/e2e-job-dept-emp.spec.ts" timestamp="2025-10-31T02:25:00.447Z" hostname="HR-API-AUTOMATION" tests="1" failures="0" skipped="0" time="0.686" errors="0">
<testcase name="E2E Test Flow Including Jobs › Job →Department →Employee" classname="resource-tests/e2e-job-dept-emp.spec.ts" time="0.686">
<system-out>
<![CDATA[Response Created: [object Object]
Response Created: [object Object]
Response Created: [object Object]
]]>
</system-out>
</testcase>
</testsuite>
<testsuite name="resource-tests/e2e-resources.spec.ts" timestamp="2025-10-31T02:25:00.447Z" hostname="HR-API-AUTOMATION" tests="3" failures="0" skipped="0" time="1.578" errors="0">
<testcase name="E2E Department &amp; Employee Relation Scenarios › Create Department -&gt; Create Emp -&gt; Delete Emp" classname="resource-tests/e2e-resources.spec.ts" time="0.489">
<system-out>
<![CDATA[[33m1434[39m
Response Created: [object Object]
Response Created: [object Object]
]]>
</system-out>
</testcase>
<testcase name="E2E Department &amp; Employee Relation Scenarios › Create Department -&gt; Create Emp -&gt; Delete Dep - Neg" classname="resource-tests/e2e-resources.spec.ts" time="0.59">
<system-out>
<![CDATA[[33m8208[39m
Response Created: [object Object]
Response Created: [object Object]
DEL RESP
{
  detail: {
    message: [32m'Cannot delete department: employees belong to this department.'[39m,
    department_id: [33m8208[39m,
    blocking: {
      employees_in_department_count: [33m1[39m,
      employee_ids_sample: [36m[Array][39m,
      by_job_breakdown: [36m[Object][39m
    },
    resolution: [32m'Move or remove employees from this department before deleting it.'[39m
  }
}
]]>
</system-out>
</testcase>
<testcase name="E2E Department &amp; Employee Relation Scenarios › Validate Location Deletion Dependency Chain" classname="resource-tests/e2e-resources.spec.ts" time="0.499">
<system-out>
<![CDATA[{
  location_id: [33m7441[39m,
  street_address: [32m'Main St 7441'[39m,
  postal_code: [32m'ZIP7441'[39m,
  city: [32m'City7441'[39m,
  state_province: [1mnull[22m,
  country_id: [1mnull[22m
}
Response Created: [object Object]
Response Created: [object Object]
{
  department_id: [33m520[39m,
  department_name: [32m'QA520'[39m,
  manager_id: [1mnull[22m,
  location_id: [33m7441[39m
}
{
  employee_id: [33m950193[39m,
  first_name: [32m'Auto'[39m,
  last_name: [32m'Tester'[39m,
  email: [32m'501938267@example.com'[39m,
  job_id: [32m'IT_PROG'[39m,
  salary: [33m5000[39m,
  hire_date: [32m'2025-10-31'[39m,
  commission_pct: [1mnull[22m,
  department_id: [33m520[39m
}
Response Created: [object Object]
{
  employee_id: [33m950193[39m,
  first_name: [32m'Auto'[39m,
  last_name: [32m'Tester'[39m,
  email: [32m'501938267@example.com'[39m,
  job_id: [32m'IT_PROG'[39m,
  salary: [33m5000[39m,
  hire_date: [32m'2025-10-31T00:00:00'[39m,
  commission_pct: [1mnull[22m,
  department_id: [33m520[39m
}
]]>
</system-out>
</testcase>
</testsuite>
<testsuite name="resource-tests/employees.spec.ts" timestamp="2025-10-31T02:25:00.447Z" hostname="HR-API-AUTOMATION" tests="1" failures="0" skipped="0" time="0.721" errors="0">
<testcase name="Employees API E2E › Create -&gt; Get -&gt; Patch -&gt; Put -&gt; Delete Employee Flow" classname="resource-tests/employees.spec.ts" time="0.721">
<system-out>
<![CDATA[Response Created: [object Object]
]]>
</system-out>
</testcase>
</testsuite>
</testsuites>